// Jest Snapshot v1, https://goo.gl/fbAQLP

exports[`Nav component nav render matches snapshot 1`] = `
<DocumentFragment>
  <div>
    <nav>
      <ul
        class="flex-row"
      >
        <li
          class="mx-2 false"
        >
          <span>
            portraits
          </span>
        </li>
      </ul>
    </nav>
  </div>
</DocumentFragment>
`;
